{
    "gff": {
        "content": [
            [
                {
                    "id": "test"
                },
                "test.collapsed.gff:md5,5d41402abc4b2a76b9719d911017c592"
            ]
        ],
        "meta": {
            "nf-test": "0.8.4",
            "nextflow": "24.04.2"
        }
    },
    "versions": {
        "content": [
            "versions.yml:md5,2d03c1b8e7f5ca1f5b8f5cd4bbd5c3d9"
        ],
        "meta": {
            "nf-test": "0.8.4",
            "nextflow": "24.04.2"
        }
    }
}
